Traceback (most recent call last):
  File "/Users/cjmack/Documents/GitHub/CliffDelineaTool_2.0/v2/scripts/venv/lib/python3.11/site-packages/pandas/core/indexes/base.py", line 3812, in get_loc
    return self._engine.get_loc(casted_key)
           ^^^^^^^^^^^^^^^^^^^^^^^^^^^^^^^^
  File "pandas/_libs/index.pyx", line 167, in pandas._libs.index.IndexEngine.get_loc
  File "pandas/_libs/index.pyx", line 196, in pandas._libs.index.IndexEngine.get_loc
  File "pandas/_libs/hashtable_class_helper.pxi", line 7088, in pandas._libs.hashtable.PyObjectHashTable.get_item
  File "pandas/_libs/hashtable_class_helper.pxi", line 7096, in pandas._libs.hashtable.PyObjectHashTable.get_item
KeyError: np.int64(65)

The above exception was the direct cause of the following exception:

Traceback (most recent call last):
  File "/Users/cjmack/Documents/GitHub/CliffDelineaTool_2.0/create_aoi_gifs.py", line 299, in main
    create_aoi_gif(
  File "/Users/cjmack/Documents/GitHub/CliffDelineaTool_2.0/create_aoi_gifs.py", line 226, in create_aoi_gif
    create_transect_frame(ax, points_df, results_df, transect_id)
  File "/Users/cjmack/Documents/GitHub/CliffDelineaTool_2.0/create_aoi_gifs.py", line 95, in create_transect_frame
    base_elev = transect_points[transect_points['Distance'].sub(pred['base_true']).abs().idxmin()]['Elevation']
                ~~~~~~~~~~~~~~~^^^^^^^^^^^^^^^^^^^^^^^^^^^^^^^^^^^^^^^^^^^^^^^^^^^^^^^^^^^^^^^^^^^
  File "/Users/cjmack/Documents/GitHub/CliffDelineaTool_2.0/v2/scripts/venv/lib/python3.11/site-packages/pandas/core/frame.py", line 4113, in __getitem__
    indexer = self.columns.get_loc(key)
              ^^^^^^^^^^^^^^^^^^^^^^^^^
  File "/Users/cjmack/Documents/GitHub/CliffDelineaTool_2.0/v2/scripts/venv/lib/python3.11/site-packages/pandas/core/indexes/base.py", line 3819, in get_loc
    raise KeyError(key) from err
KeyError: np.int64(65)
Traceback (most recent call last):
  File "/Users/cjmack/Documents/GitHub/CliffDelineaTool_2.0/v2/scripts/venv/lib/python3.11/site-packages/pandas/core/indexes/base.py", line 3812, in get_loc
    return self._engine.get_loc(casted_key)
           ^^^^^^^^^^^^^^^^^^^^^^^^^^^^^^^^
  File "pandas/_libs/index.pyx", line 167, in pandas._libs.index.IndexEngine.get_loc
  File "pandas/_libs/index.pyx", line 196, in pandas._libs.index.IndexEngine.get_loc
  File "pandas/_libs/hashtable_class_helper.pxi", line 7088, in pandas._libs.hashtable.PyObjectHashTable.get_item
  File "pandas/_libs/hashtable_class_helper.pxi", line 7096, in pandas._libs.hashtable.PyObjectHashTable.get_item
KeyError: np.int64(44)

The above exception was the direct cause of the following exception:

Traceback (most recent call last):
  File "/Users/cjmack/Documents/GitHub/CliffDelineaTool_2.0/create_aoi_gifs.py", line 299, in main
    create_aoi_gif(
  File "/Users/cjmack/Documents/GitHub/CliffDelineaTool_2.0/create_aoi_gifs.py", line 226, in create_aoi_gif
    create_transect_frame(ax, points_df, results_df, transect_id)
  File "/Users/cjmack/Documents/GitHub/CliffDelineaTool_2.0/create_aoi_gifs.py", line 95, in create_transect_frame
    base_elev = transect_points[transect_points['Distance'].sub(pred['base_true']).abs().idxmin()]['Elevation']
                ~~~~~~~~~~~~~~~^^^^^^^^^^^^^^^^^^^^^^^^^^^^^^^^^^^^^^^^^^^^^^^^^^^^^^^^^^^^^^^^^^^
  File "/Users/cjmack/Documents/GitHub/CliffDelineaTool_2.0/v2/scripts/venv/lib/python3.11/site-packages/pandas/core/frame.py", line 4113, in __getitem__
    indexer = self.columns.get_loc(key)
              ^^^^^^^^^^^^^^^^^^^^^^^^^
  File "/Users/cjmack/Documents/GitHub/CliffDelineaTool_2.0/v2/scripts/venv/lib/python3.11/site-packages/pandas/core/indexes/base.py", line 3819, in get_loc
    raise KeyError(key) from err
KeyError: np.int64(44)
Traceback (most recent call last):
  File "/Users/cjmack/Documents/GitHub/CliffDelineaTool_2.0/v2/scripts/venv/lib/python3.11/site-packages/pandas/core/indexes/base.py", line 3812, in get_loc
    return self._engine.get_loc(casted_key)
           ^^^^^^^^^^^^^^^^^^^^^^^^^^^^^^^^
  File "pandas/_libs/index.pyx", line 167, in pandas._libs.index.IndexEngine.get_loc
  File "pandas/_libs/index.pyx", line 196, in pandas._libs.index.IndexEngine.get_loc
  File "pandas/_libs/hashtable_class_helper.pxi", line 7088, in pandas._libs.hashtable.PyObjectHashTable.get_item
  File "pandas/_libs/hashtable_class_helper.pxi", line 7096, in pandas._libs.hashtable.PyObjectHashTable.get_item
KeyError: np.int64(59)

The above exception was the direct cause of the following exception:

Traceback (most recent call last):
  File "/Users/cjmack/Documents/GitHub/CliffDelineaTool_2.0/create_aoi_gifs.py", line 299, in main
    create_aoi_gif(
  File "/Users/cjmack/Documents/GitHub/CliffDelineaTool_2.0/create_aoi_gifs.py", line 226, in create_aoi_gif
    create_transect_frame(ax, points_df, results_df, transect_id)
  File "/Users/cjmack/Documents/GitHub/CliffDelineaTool_2.0/create_aoi_gifs.py", line 95, in create_transect_frame
    base_elev = transect_points[transect_points['Distance'].sub(pred['base_true']).abs().idxmin()]['Elevation']
                ~~~~~~~~~~~~~~~^^^^^^^^^^^^^^^^^^^^^^^^^^^^^^^^^^^^^^^^^^^^^^^^^^^^^^^^^^^^^^^^^^^
  File "/Users/cjmack/Documents/GitHub/CliffDelineaTool_2.0/v2/scripts/venv/lib/python3.11/site-packages/pandas/core/frame.py", line 4113, in __getitem__
    indexer = self.columns.get_loc(key)
              ^^^^^^^^^^^^^^^^^^^^^^^^^
  File "/Users/cjmack/Documents/GitHub/CliffDelineaTool_2.0/v2/scripts/venv/lib/python3.11/site-packages/pandas/core/indexes/base.py", line 3819, in get_loc
    raise KeyError(key) from err
KeyError: np.int64(59)
Traceback (most recent call last):
  File "/Users/cjmack/Documents/GitHub/CliffDelineaTool_2.0/v2/scripts/venv/lib/python3.11/site-packages/pandas/core/indexes/base.py", line 3812, in get_loc
    return self._engine.get_loc(casted_key)
           ^^^^^^^^^^^^^^^^^^^^^^^^^^^^^^^^
  File "pandas/_libs/index.pyx", line 167, in pandas._libs.index.IndexEngine.get_loc
  File "pandas/_libs/index.pyx", line 196, in pandas._libs.index.IndexEngine.get_loc
  File "pandas/_libs/hashtable_class_helper.pxi", line 7088, in pandas._libs.hashtable.PyObjectHashTable.get_item
  File "pandas/_libs/hashtable_class_helper.pxi", line 7096, in pandas._libs.hashtable.PyObjectHashTable.get_item
KeyError: np.int64(75)

The above exception was the direct cause of the following exception:

Traceback (most recent call last):
  File "/Users/cjmack/Documents/GitHub/CliffDelineaTool_2.0/create_aoi_gifs.py", line 299, in main
    create_aoi_gif(
  File "/Users/cjmack/Documents/GitHub/CliffDelineaTool_2.0/create_aoi_gifs.py", line 226, in create_aoi_gif
    create_transect_frame(ax, points_df, results_df, transect_id)
  File "/Users/cjmack/Documents/GitHub/CliffDelineaTool_2.0/create_aoi_gifs.py", line 95, in create_transect_frame
    base_elev = transect_points[transect_points['Distance'].sub(pred['base_true']).abs().idxmin()]['Elevation']
                ~~~~~~~~~~~~~~~^^^^^^^^^^^^^^^^^^^^^^^^^^^^^^^^^^^^^^^^^^^^^^^^^^^^^^^^^^^^^^^^^^^
  File "/Users/cjmack/Documents/GitHub/CliffDelineaTool_2.0/v2/scripts/venv/lib/python3.11/site-packages/pandas/core/frame.py", line 4113, in __getitem__
    indexer = self.columns.get_loc(key)
              ^^^^^^^^^^^^^^^^^^^^^^^^^
  File "/Users/cjmack/Documents/GitHub/CliffDelineaTool_2.0/v2/scripts/venv/lib/python3.11/site-packages/pandas/core/indexes/base.py", line 3819, in get_loc
    raise KeyError(key) from err
KeyError: np.int64(75)
================================================================================
Creating Animated GIFs: v1.0 vs v2.0 Comparison
================================================================================

Settings:
  Frame duration: 500ms (2 fps)
  Max transects per AOI: All
  Output directory: /Users/cjmack/Documents/GitHub/CliffDelineaTool_2.0/comparison_outputs

============================================================
Creating GIF for AOI5
============================================================
  Loading aoi5 data...
  Creating 170 frames...
  ✗ Error creating GIF for aoi5: np.int64(65)

============================================================
Creating GIF for AOI6
============================================================
  Loading aoi6 data...
  Creating 240 frames...
  ✗ Error creating GIF for aoi6: np.int64(44)

============================================================
Creating GIF for AOI7
============================================================
  Loading aoi7 data...
  Creating 150 frames...
  ✗ Error creating GIF for aoi7: np.int64(59)

============================================================
Creating GIF for AOI8
============================================================
  Loading aoi8 data...
  Creating 216 frames...
  ✗ Error creating GIF for aoi8: np.int64(75)

================================================================================
GIF Creation Complete!
================================================================================

All GIFs saved to: /Users/cjmack/Documents/GitHub/CliffDelineaTool_2.0/comparison_outputs

Files created:
